Archive member included to satisfy reference by file (symbol)

/opt/st/stm32cubeide_1.15.0_2/plugins/com.st.stm32cube.ide.mcu.externaltools.gnu-tools-for-stm32.12.3.rel1.linux64_1.0.100.202403111256/tools/bin/../lib/gcc/arm-none-eabi/12.3.1/../../../../arm-none-eabi/lib/thumb/v7e-m/nofp/libc_nano.a(libc_a-exit.o)
                              /opt/st/stm32cubeide_1.15.0_2/plugins/com.st.stm32cube.ide.mcu.externaltools.gnu-tools-for-stm32.12.3.rel1.linux64_1.0.100.202403111256/tools/bin/../lib/gcc/arm-none-eabi/12.3.1/../../../../arm-none-eabi/lib/thumb/v7e-m/nofp/crt0.o (exit)
/opt/st/stm32cubeide_1.15.0_2/plugins/com.st.stm32cube.ide.mcu.externaltools.gnu-tools-for-stm32.12.3.rel1.linux64_1.0.100.202403111256/tools/bin/../lib/gcc/arm-none-eabi/12.3.1/../../../../arm-none-eabi/lib/thumb/v7e-m/nofp/libc_nano.a(libc_a-findfp.o)
                              /opt/st/stm32cubeide_1.15.0_2/plugins/com.st.stm32cube.ide.mcu.externaltools.gnu-tools-for-stm32.12.3.rel1.linux64_1.0.100.202403111256/tools/bin/../lib/gcc/arm-none-eabi/12.3.1/../../../../arm-none-eabi/lib/thumb/v7e-m/nofp/libc_nano.a(libc_a-exit.o) (__stdio_exit_handler)
/opt/st/stm32cubeide_1.15.0_2/plugins/com.st.stm32cube.ide.mcu.externaltools.gnu-tools-for-stm32.12.3.rel1.linux64_1.0.100.202403111256/tools/bin/../lib/gcc/arm-none-eabi/12.3.1/../../../../arm-none-eabi/lib/thumb/v7e-m/nofp/libc_nano.a(libc_a-fwalk.o)
                              /opt/st/stm32cubeide_1.15.0_2/plugins/com.st.stm32cube.ide.mcu.externaltools.gnu-tools-for-stm32.12.3.rel1.linux64_1.0.100.202403111256/tools/bin/../lib/gcc/arm-none-eabi/12.3.1/../../../../arm-none-eabi/lib/thumb/v7e-m/nofp/libc_nano.a(libc_a-findfp.o) (_fwalk_sglue)
/opt/st/stm32cubeide_1.15.0_2/plugins/com.st.stm32cube.ide.mcu.externaltools.gnu-tools-for-stm32.12.3.rel1.linux64_1.0.100.202403111256/tools/bin/../lib/gcc/arm-none-eabi/12.3.1/../../../../arm-none-eabi/lib/thumb/v7e-m/nofp/libc_nano.a(libc_a-sprintf.o)
                              ./Src/main.o (sprintf)
/opt/st/stm32cubeide_1.15.0_2/plugins/com.st.stm32cube.ide.mcu.externaltools.gnu-tools-for-stm32.12.3.rel1.linux64_1.0.100.202403111256/tools/bin/../lib/gcc/arm-none-eabi/12.3.1/../../../../arm-none-eabi/lib/thumb/v7e-m/nofp/libc_nano.a(libc_a-sscanf.o)
                              ./Src/main.o (sscanf)
/opt/st/stm32cubeide_1.15.0_2/plugins/com.st.stm32cube.ide.mcu.externaltools.gnu-tools-for-stm32.12.3.rel1.linux64_1.0.100.202403111256/tools/bin/../lib/gcc/arm-none-eabi/12.3.1/../../../../arm-none-eabi/lib/thumb/v7e-m/nofp/libc_nano.a(libc_a-stdio.o)
                              /opt/st/stm32cubeide_1.15.0_2/plugins/com.st.stm32cube.ide.mcu.externaltools.gnu-tools-for-stm32.12.3.rel1.linux64_1.0.100.202403111256/tools/bin/../lib/gcc/arm-none-eabi/12.3.1/../../../../arm-none-eabi/lib/thumb/v7e-m/nofp/libc_nano.a(libc_a-findfp.o) (__sread)
/opt/st/stm32cubeide_1.15.0_2/plugins/com.st.stm32cube.ide.mcu.externaltools.gnu-tools-for-stm32.12.3.rel1.linux64_1.0.100.202403111256/tools/bin/../lib/gcc/arm-none-eabi/12.3.1/../../../../arm-none-eabi/lib/thumb/v7e-m/nofp/libc_nano.a(libc_a-memset.o)
                              /opt/st/stm32cubeide_1.15.0_2/plugins/com.st.stm32cube.ide.mcu.externaltools.gnu-tools-for-stm32.12.3.rel1.linux64_1.0.100.202403111256/tools/bin/../lib/gcc/arm-none-eabi/12.3.1/../../../../arm-none-eabi/lib/thumb/v7e-m/nofp/crt0.o (memset)
/opt/st/stm32cubeide_1.15.0_2/plugins/com.st.stm32cube.ide.mcu.externaltools.gnu-tools-for-stm32.12.3.rel1.linux64_1.0.100.202403111256/tools/bin/../lib/gcc/arm-none-eabi/12.3.1/../../../../arm-none-eabi/lib/thumb/v7e-m/nofp/libc_nano.a(libc_a-closer.o)
                              /opt/st/stm32cubeide_1.15.0_2/plugins/com.st.stm32cube.ide.mcu.externaltools.gnu-tools-for-stm32.12.3.rel1.linux64_1.0.100.202403111256/tools/bin/../lib/gcc/arm-none-eabi/12.3.1/../../../../arm-none-eabi/lib/thumb/v7e-m/nofp/libc_nano.a(libc_a-stdio.o) (_close_r)
/opt/st/stm32cubeide_1.15.0_2/plugins/com.st.stm32cube.ide.mcu.externaltools.gnu-tools-for-stm32.12.3.rel1.linux64_1.0.100.202403111256/tools/bin/../lib/gcc/arm-none-eabi/12.3.1/../../../../arm-none-eabi/lib/thumb/v7e-m/nofp/libc_nano.a(libc_a-reent.o)
                              /opt/st/stm32cubeide_1.15.0_2/plugins/com.st.stm32cube.ide.mcu.externaltools.gnu-tools-for-stm32.12.3.rel1.linux64_1.0.100.202403111256/tools/bin/../lib/gcc/arm-none-eabi/12.3.1/../../../../arm-none-eabi/lib/thumb/v7e-m/nofp/libc_nano.a(libc_a-closer.o) (errno)
/opt/st/stm32cubeide_1.15.0_2/plugins/com.st.stm32cube.ide.mcu.externaltools.gnu-tools-for-stm32.12.3.rel1.linux64_1.0.100.202403111256/tools/bin/../lib/gcc/arm-none-eabi/12.3.1/../../../../arm-none-eabi/lib/thumb/v7e-m/nofp/libc_nano.a(libc_a-impure.o)
[...]
Memory Configuration

Name             Origin             Length             Attributes
CCMRAM           0x10000000         0x00010000         xrw
RAM              0x20000000         0x00020000         xrw
FLASH            0x08000000         0x00100000         xr
*default*        0x00000000         0xffffffff

Linker script and memory map

LOAD /opt/st/stm32cubeide_1.15.0_2/plugins/com.st.stm32cube.ide.mcu.externaltools.gnu-tools-for-stm32.12.3.rel1.linux64_1.0.100.202403111256/tools/bin/../lib/gcc/arm-none-eabi/12.3.1/thumb/v7e-m/nofp/crti.o
LOAD /opt/st/stm32cubeide_1.15.0_2/plugins/com.st.stm32cube.ide.mcu.externaltools.gnu-tools-for-stm32.12.3.rel1.linux64_1.0.100.202403111256/tools/bin/../lib/gcc/arm-none-eabi/12.3.1/thumb/v7e-m/nofp/crtbegin.o
LOAD /opt/st/stm32cubeide_1.15.0_2/plugins/com.st.stm32cube.ide.mcu.externaltools.gnu-tools-for-stm32.12.3.rel1.linux64_1.0.100.202403111256/tools/bin/../lib/gcc/arm-none-eabi/12.3.1/../../../../arm-none-eabi/lib/thumb/v7e-m/nofp/crt0.o
LOAD ./Src/EEROM.o
LOAD ./Src/I2C.o
LOAD ./Src/itm.o
LOAD ./Src/main.o
LOAD ./Src/syscalls.o
LOAD ./Src/sysmem.o
LOAD ./Src/system_stm32f4xx.o
LOAD ./Src/uart.o
LOAD ./Startup/startup_stm32f407vgtx.o
START GROUP
LOAD /opt/st/stm32cubeide_1.15.0_2/plugins/com.st.stm32cube.ide.mcu.externaltools.gnu-tools-for-stm32.12.3.rel1.linux64_1.0.100.202403111256/tools/bin/../lib/gcc/arm-none-eabi/12.3.1/../../../../arm-none-eabi/lib/thumb/v7e-m/nofp/libc_nano.a
LOAD /opt/st/stm32cubeide_1.15.0_2/plugins/com.st.stm32cube.ide.mcu.externaltools.gnu-tools-for-stm32.12.3.rel1.linux64_1.0.100.202403111256/tools/bin/../lib/gcc/arm-none-eabi/12.3.1/../../../../arm-none-eabi/lib/thumb/v7e-m/nofp/libm.a
END GROUP
START GROUP
LOAD /opt/st/stm32cubeide_1.15.0_2/plugins/com.st.stm32cube.ide.mcu.externaltools.gnu-tools-for-stm32.12.3.rel1.linux64_1.0.100.202403111256/tools/bin/../lib/gcc/arm-none-eabi/12.3.1/thumb/v7e-m/nofp/libgcc.a
LOAD /opt/st/stm32cubeide_1.15.0_2/plugins/com.st.stm32cube.ide.mcu.externaltools.gnu-tools-for-stm32.12.3.rel1.linux64_1.0.100.202403111256/tools/bin/../lib/gcc/arm-none-eabi/12.3.1/../../../../arm-none-eabi/lib/thumb/v7e-m/nofp/libc_nano.a
END GROUP
START GROUP
LOAD /opt/st/stm32cubeide_1.15.0_2/plugins/com.st.stm32cube.ide.mcu.externaltools.gnu-tools-for-stm32.12.3.rel1.linux64_1.0.100.202403111256/tools/bin/../lib/gcc/arm-none-eabi/12.3.1/thumb/v7e-m/nofp/libgcc.a
LOAD /opt/st/stm32cubeide_1.15.0_2/plugins/com.st.stm32cube.ide.mcu.externaltools.gnu-tools-for-stm32.12.3.rel1.linux64_1.0.100.202403111256/tools/bin/../lib/gcc/arm-none-eabi/12.3.1/../../../../arm-none-eabi/lib/thumb/v7e-m/nofp/libc_nano.a
LOAD /opt/st/stm32cubeide_1.15.0_2/plugins/com.st.stm32cube.ide.mcu.externaltools.gnu-tools-for-stm32.12.3.rel1.linux64_1.0.100.202403111256/tools/bin/../lib/gcc/arm-none-eabi/12.3.1/../../../../arm-none-eabi/lib/thumb/v7e-m/nofp/libnosys.a
END GROUP
START GROUP
LOAD /opt/st/stm32cubeide_1.15.0_2/plugins/com.st.stm32cube.ide.mcu.externaltools.gnu-tools-for-stm32.12.3.rel1.linux64_1.0.100.202403111256/tools/bin/../lib/gcc/arm-none-eabi/12.3.1/thumb/v7e-m/nofp/libgcc.a
LOAD /opt/st/stm32cubeide_1.15.0_2/plugins/com.st.stm32cube.ide.mcu.externaltools.gnu-tools-for-stm32.12.3.rel1.linux64_1.0.100.202403111256/tools/bin/../lib/gcc/arm-none-eabi/12.3.1/../../../../arm-none-eabi/lib/thumb/v7e-m/nofp/libc_nano.a
LOAD /opt/st/stm32cubeide_1.15.0_2/plugins/com.st.stm32cube.ide.mcu.externaltools.gnu-tools-for-stm32.12.3.rel1.linux64_1.0.100.202403111256/tools/bin/../lib/gcc/arm-none-eabi/12.3.1/../../../../arm-none-eabi/lib/thumb/v7e-m/nofp/libnosys.a
END GROUP
LOAD /opt/st/stm32cubeide_1.15.0_2/plugins/com.st.stm32cube.ide.mcu.externaltools.gnu-tools-for-stm32.12.3.rel1.linux64_1.0.100.202403111256/tools/bin/../lib/gcc/arm-none-eabi/12.3.1/thumb/v7e-m/nofp/crtend.o
LOAD /opt/st/stm32cubeide_1.15.0_2/plugins/com.st.stm32cube.ide.mcu.externaltools.gnu-tools-for-stm32.12.3.rel1.linux64_1.0.100.202403111256/tools/bin/../lib/gcc/arm-none-eabi/12.3.1/thumb/v7e-m/nofp/crtn.o
                0x20020000                        _estack = (ORIGIN (RAM) + LENGTH (RAM))
                0x00000200                        _Min_Heap_Size = 0x200
                0x00000400                        _Min_Stack_Size = 0x400

.isr_vector     0x08000000      0x188
                0x08000000                        . = ALIGN (0x4)
 *(.isr_vector)
 .isr_vector    0x08000000      0x188 ./Startup/startup_stm32f407vgtx.o
                0x08000000                g_pfnVectors
                0x08000188                        . = ALIGN (0x4)

.text           0x08000190     0x1b2c
                0x08000190                        . = ALIGN (0x4)
 *(.text)
 .text          0x08000190       0x40 /opt/st/stm32cubeide_1.15.0_2/plugins/com.st.stm32cube.ide.mcu.externaltools.gnu-tools-for-stm32.12.3.rel1.linux64_1.0.100.202403111256/tools/bin/../lib/gcc/arm-none-eabi/12.3.1/thumb/v7e-m/nofp/crtbegin.o
 .text          0x080001d0       0x10 /opt/st/stm32cubeide_1.15.0_2/plugins/com.st.stm32cube.ide.mcu.externaltools.gnu-tools-for-stm32.12.3.rel1.linux64_1.0.100.202403111256/tools/bin/../lib/gcc/arm-none-eabi/12.3.1/../../../../arm-none-eabi/lib/thumb/v7e-m/nofp/libc_nano.a(libc_a-strlen.o)
                0x080001d0                strlen
 .text          0x080001e0       0xa0 /opt/st/stm32cubeide_1.15.0_2/plugins/com.st.stm32cube.ide.mcu.externaltools.gnu-tools-for-stm32.12.3.rel1.linux64_1.0.100.202403111256/tools/bin/../lib/gcc/arm-none-eabi/12.3.1/../../../../arm-none-eabi/lib/thumb/v7e-m/nofp/libc_nano.a(libc_a-memchr.o)
                0x080001e0                memchr
 *(.text*)
 .text.EEPROM_init
                0x08000280       0x24 ./Src/EEROM.o
                0x08000280                EEPROM_init
 .text.EEPROM_write
                0x080002a4       0x64 ./Src/EEROM.o
                0x080002a4                EEPROM_write
 .text.EEPROM_read
                0x08000308       0x6e ./Src/EEROM.o
                0x08000308                EEPROM_read
 *fill*         0x08000376        0x2 
 .text.DelayMs  0x08000378       0x50 ./Src/I2C.o
 .text.I2CStart
                0x080003c8       0x2c ./Src/I2C.o
                0x080003c8                I2CStart
 .text.I2CRepeatStart
                0x080003f4        0xc ./Src/I2C.o
                0x080003f4                I2CRepeatStart
 .text.I2CStop  0x08000400       0x2c ./Src/I2C.o
                0x08000400                I2CStop
 .text.I2CSendSlaveAddress
                0x0800042c       0x34 ./Src/I2C.o
                0x0800042c                I2CSendSlaveAddress
 .text.I2CSendData
                0x08000460       0x3c ./Src/I2C.o
                0x08000460                I2CSendData
 .text.I2CRecvDataAck
                0x0800049c       0x38 ./Src/I2C.o
                0x0800049c                I2CRecvDataAck
 .text.I2CIsDeviceReady
                0x080004d4       0x3c ./Src/I2C.o
                0x080004d4                I2CIsDeviceReady
 .text.I2CInit  0x08000510      0x120 ./Src/I2C.o
                0x08000510                I2CInit
 .text.main     0x08000630      0x104 ./Src/main.o
                0x08000630                main
 .text._sbrk    0x08000734       0x6c ./Src/sysmem.o
                0x08000734                _sbrk
 .text.SystemInit
                0x080007a0        0xc ./Src/system_stm32f4xx.o
                0x080007a0                SystemInit
 .text.DWT_Init
                0x080007ac       0x60 ./Src/system_stm32f4xx.o
                0x080007ac                DWT_Init
 .text.UartInit
                0x0800080c       0xdc ./Src/uart.o
                0x0800080c                UartInit
 .text.UartPutch
                0x080008e8       0x2c ./Src/uart.o
                0x080008e8                UartPutch
 .text.UartGetch
                0x08000914       0x2c ./Src/uart.o
                0x08000914                UartGetch
 .text.UartPuts
                0x08000940       0x38 ./Src/uart.o
                0x08000940                UartPuts
 .text.UartGets
                0x08000978       0x4c ./Src/uart.o
                0x08000978                UartGets
 .text.Reset_Handler
                0x080009c4       0x50 ./Startup/startup_stm32f407vgtx.o
                0x080009c4                Reset_Handler
 .text.Default_Handler
                0x08000a14        0x2 ./Startup/startup_stm32f407vgtx.o
                0x08000a14                RTC_Alarm_IRQHandler
                0x08000a14                HASH_RNG_IRQHandler
                0x08000a14                EXTI2_IRQHandler
                0x08000a14                TIM8_CC_IRQHandler
                0x08000a14                DebugMon_Handler
                0x08000a14                TIM1_CC_IRQHandler
                0x08000a14                DMA2_Stream5_IRQHandler
                0x08000a14                HardFault_Handler
                0x08000a14                DMA1_Stream5_IRQHandler
                0x08000a14                SysTick_Handler
                0x08000a14                PVD_IRQHandler
                0x08000a14                SDIO_IRQHandler
                0x08000a14                TAMP_STAMP_IRQHandler
                0x08000a14                PendSV_Handler
                0x08000a14                NMI_Handler
                0x08000a14                CAN2_RX1_IRQHandler
                0x08000a14                EXTI3_IRQHandler
                0x08000a14                TIM8_TRG_COM_TIM14_IRQHandler
                0x08000a14                TIM1_UP_TIM10_IRQHandler
                0x08000a14                TIM8_UP_TIM13_IRQHandler
                0x08000a14                I2C3_ER_IRQHandler
                0x08000a14                EXTI0_IRQHandler
                0x08000a14                I2C2_EV_IRQHandler
                0x08000a14                DMA1_Stream2_IRQHandler
                0x08000a14                CAN1_RX0_IRQHandler
                0x08000a14                FPU_IRQHandler
                0x08000a14                OTG_HS_WKUP_IRQHandler
                0x08000a14                UsageFault_Handler
                0x08000a14                CAN2_SCE_IRQHandler
                0x08000a14                DMA2_Stream2_IRQHandler
                0x08000a14                SPI1_IRQHandler
                0x08000a14                TIM6_DAC_IRQHandler
                0x08000a14                TIM1_BRK_TIM9_IRQHandler
                0x08000a14                DCMI_IRQHandler
                0x08000a14                CAN2_RX0_IRQHandler
                0x08000a14                DMA2_Stream3_IRQHandler
                0x08000a14                USART6_IRQHandler
                0x08000a14                USART3_IRQHandler
                0x08000a14                CRYP_IRQHandler
                0x08000a14                CAN1_RX1_IRQHandler
                0x08000a14                UART5_IRQHandler
                0x08000a14                DMA2_Stream0_IRQHandler
                0x08000a14                TIM4_IRQHandler
                0x08000a14                I2C1_EV_IRQHandler
                0x08000a14                DMA1_Stream6_IRQHandler
                0x08000a14                DMA1_Stream1_IRQHandler
                0x08000a14                UART4_IRQHandler
                0x08000a14                TIM3_IRQHandler
                0x08000a14                RCC_IRQHandler
                0x08000a14                TIM8_BRK_TIM12_IRQHandler
                0x08000a14                Default_Handler
                0x08000a14                EXTI15_10_IRQHandler
                0x08000a14                ADC_IRQHandler
                0x08000a14                DMA1_Stream7_IRQHandler
                0x08000a14                TIM7_IRQHandler
                0x08000a14                CAN2_TX_IRQHandler
                0x08000a14                TIM5_IRQHandler
                0x08000a14                DMA2_Stream7_IRQHandler
                0x08000a14                I2C3_EV_IRQHandler
                0x08000a14                EXTI9_5_IRQHandler
                0x08000a14                RTC_WKUP_IRQHandler
                0x08000a14                ETH_WKUP_IRQHandler
                0x08000a14                SPI2_IRQHandler
                0x08000a14                OTG_HS_EP1_IN_IRQHandler
                0x08000a14                MemManage_Handler
                0x08000a14                DMA1_Stream0_IRQHandler
                0x08000a14                CAN1_TX_IRQHandler
                0x08000a14                SVC_Handler
                0x08000a14                EXTI4_IRQHandler
                0x08000a14                FSMC_IRQHandler
                0x08000a14                ETH_IRQHandler
                0x08000a14                OTG_HS_EP1_OUT_IRQHandler
                0x08000a14                WWDG_IRQHandler
                0x08000a14                TIM2_IRQHandler
                0x08000a14                OTG_FS_WKUP_IRQHandler
                0x08000a14                TIM1_TRG_COM_TIM11_IRQHandler
                0x08000a14                OTG_HS_IRQHandler
                0x08000a14                EXTI1_IRQHandler
                0x08000a14                USART2_IRQHandler
                0x08000a14                I2C2_ER_IRQHandler
                0x08000a14                DMA2_Stream1_IRQHandler
                0x08000a14                CAN1_SCE_IRQHandler
                0x08000a14                DMA2_Stream4_IRQHandler
                0x08000a14                BusFault_Handler
                0x08000a14                USART1_IRQHandler
                0x08000a14                OTG_FS_IRQHandler
                0x08000a14                SPI3_IRQHandler
                0x08000a14                DMA1_Stream4_IRQHandler
                0x08000a14                I2C1_ER_IRQHandler
                0x08000a14                DMA2_Stream6_IRQHandler
                0x08000a14                DMA1_Stream3_IRQHandler
 *fill*         0x08000a16        0x2 
 .text.sprintf  0x08000a18       0x40 /opt/st/stm32cubeide_1.15.0_2/plugins/com.st.stm32cube.ide.mcu.externaltools.gnu-tools-for-stm32.12.3.rel1.linux64_1.0.100.202403111256/tools/bin/../lib/gcc/arm-none-eabi/12.3.1/../../../../arm-none-eabi/lib/thumb/v7e-m/nofp/libc_nano.a(libc_a-sprintf.o)
                0x08000a18                sprintf
                0x08000a18                siprintf
 .text.sscanf   0x08000a58       0x54 /opt/st/stm32cubeide_1.15.0_2/plugins/com.st.stm32cube.ide.mcu.externaltools.gnu-tools-for-stm32.12.3.rel1.linux64_1.0.100.202403111256/tools/bin/../lib/gcc/arm-none-eabi/12.3.1/../../../../arm-none-eabi/lib/thumb/v7e-m/nofp/libc_nano.a(libc_a-sscanf.o)
                0x08000a58                sscanf
                0x08000a58                siscanf
 .text.__seofread
                0x08000aac        0x4 /opt/st/stm32cubeide_1.15.0_2/plugins/com.st.stm32cube.ide.mcu.externaltools.gnu-tools-for-stm32.12.3.rel1.linux64_1.0.100.202403111256/tools/bin/../lib/gcc/arm-none-eabi/12.3.1/../../../../arm-none-eabi/lib/thumb/v7e-m/nofp/libc_nano.a(libc_a-stdio.o)
                0x08000aac                __seofread
 .text.memset   0x08000ab0       0x10 /opt/st/stm32cubeide_1.15.0_2/plugins/com.st.stm32cube.ide.mcu.externaltools.gnu-tools-for-stm32.12.3.rel1.linux64_1.0.100.202403111256/tools/bin/../lib/gcc/arm-none-eabi/12.3.1/../../../../arm-none-eabi/lib/thumb/v7e-m/nofp/libc_nano.a(libc_a-memset.o)
                0x08000ab0                memset
 .text.__errno  0x08000ac0        0xc /opt/st/stm32cubeide_1.15.0_2/plugins/com.st.stm32cube.ide.mcu.externaltools.gnu-tools-for-stm32.12.3.rel1.linux64_1.0.100.202403111256/tools/bin/../lib/gcc/arm-none-eabi/12.3.1/../../../../arm-none-eabi/lib/thumb/v7e-m/nofp/libc_nano.a(libc_a-errno.o)
                0x08000ac0                __errno
 .text.__libc_init_array
                0x08000acc       0x48 /opt/st/stm32cubeide_1.15.0_2/plugins/com.st.stm32cube.ide.mcu.externaltools.gnu-tools-for-stm32.12.3.rel1.linux64_1.0.100.202403111256/tools/bin/../lib/gcc/arm-none-eabi/12.3.1/../../../../arm-none-eabi/lib/thumb/v7e-m/nofp/libc_nano.a(libc_a-init.o)
                0x08000acc                __libc_init_array
 .text.__retarget_lock_acquire_recursive
                0x08000b14        0x2 /opt/st/stm32cubeide_1.15.0_2/plugins/com.st.stm32cube.ide.mcu.externaltools.gnu-tools-for-stm32.12.3.rel1.linux64_1.0.100.202403111256/tools/bin/../lib/gcc/arm-none-eabi/12.3.1/../../../../arm-none-eabi/lib/thumb/v7e-m/nofp/libc_nano.a(libc_a-lock.o)
                0x08000b14                __retarget_lock_acquire_recursive
 .text.__retarget_lock_release_recursive
                0x08000b16        0x2 /opt/st/stm32cubeide_1.15.0_2/plugins/com.st.stm32cube.ide.mcu.externaltools.gnu-tools-for-stm32.12.3.rel1.linux64_1.0.100.202403111256/tools/bin/../lib/gcc/arm-none-eabi/12.3.1/../../../../arm-none-eabi/lib/thumb/v7e-m/nofp/libc_nano.a(libc_a-lock.o)
                0x08000b16                __retarget_lock_release_recursive
 .text._free_r  0x08000b18       0x94 /opt/st/stm32cubeide_1.15.0_2/plugins/com.st.stm32cube.ide.mcu.externaltools.gnu-tools-for-stm32.12.3.rel1.linux64_1.0.100.202403111256/tools/bin/../lib/gcc/arm-none-eabi/12.3.1/../../../../arm-none-eabi/lib/thumb/v7e-m/nofp/libc_nano.a(libc_a-freer.o)
                0x08000b18                _free_r
 .text.sbrk_aligned
                0x08000bac       0x44 /opt/st/stm32cubeide_1.15.0_2/plugins/com.st.stm32cube.ide.mcu.externaltools.gnu-tools-for-stm32.12.3.rel1.linux64_1.0.100.202403111256/tools/bin/../lib/gcc/arm-none-eabi/12.3.1/../../../../arm-none-eabi/lib/thumb/v7e-m/nofp/libc_nano.a(libc_a-mallocr.o)
 .text._malloc_r
                0x08000bf0      0x100 /opt/st/stm32cubeide_1.15.0_2/plugins/com.st.stm32cube.ide.mcu.externaltools.gnu-tools-for-stm32.12.3.rel1.linux64_1.0.100.202403111256/tools/bin/../lib/gcc/arm-none-eabi/12.3.1/../../../../arm-none-eabi/lib/thumb/v7e-m/nofp/libc_nano.a(libc_a-mallocr.o)
                0x08000bf0                _malloc_r
 .text.__malloc_lock
                0x08000cf0        0xc /opt/st/stm32cubeide_1.15.0_2/plugins/com.st.stm32cube.ide.mcu.externaltools.gnu-tools-for-stm32.12.3.rel1.linux64_1.0.100.202403111256/tools/bin/../lib/gcc/arm-none-eabi/12.3.1/../../../../arm-none-eabi/lib/thumb/v7e-m/nofp/libc_nano.a(libc_a-mlock.o)
                0x08000cf0                __malloc_lock
 .text.__malloc_unlock
                0x08000cfc        0xc /opt/st/stm32cubeide_1.15.0_2/plugins/com.st.stm32cube.ide.mcu.externaltools.gnu-tools-for-stm32.12.3.rel1.linux64_1.0.100.202403111256/tools/bin/../lib/gcc/arm-none-eabi/12.3.1/../../../../arm-none-eabi/lib/thumb/v7e-m/nofp/libc_nano.a(libc_a-mlock.o)
                0x08000cfc                __malloc_unlock
 .text.__ssputs_r
                0x08000d08       0xb6 /opt/st/stm32cubeide_1.15.0_2/plugins/com.st.stm32cube.ide.mcu.externaltools.gnu-tools-for-stm32.12.3.rel1.linux64_1.0.100.202403111256/tools/bin/../lib/gcc/arm-none-eabi/12.3.1/../../../../arm-none-eabi/lib/thumb/v7e-m/nofp/libc_nano.a(libc_a-nano-svfprintf.o)
                0x08000d08                __ssputs_r
 *fill*         0x08000dbe        0x2 
 .text._svfprintf_r
                0x08000dc0      0x1f8 /opt/st/stm32cubeide_1.15.0_2/plugins/com.st.stm32cube.ide.mcu.externaltools.gnu-tools-for-stm32.12.3.rel1.linux64_1.0.100.202403111256/tools/bin/../lib/gcc/arm-none-eabi/12.3.1/../../../../arm-none-eabi/lib/thumb/v7e-m/nofp/libc_nano.a(libc_a-nano-svfprintf.o)
                0x08000dc0                _svfprintf_r
                0x08000dc0                _svfiprintf_r
 .text._sungetc_r
                0x08000fb8       0x76 /opt/st/stm32cubeide_1.15.0_2/plugins/com.st.stm32cube.ide.mcu.externaltools.gnu-tools-for-stm32.12.3.rel1.linux64_1.0.100.202403111256/tools/bin/../lib/gcc/arm-none-eabi/12.3.1/../../../../arm-none-eabi/lib/thumb/v7e-m/nofp/libc_nano.a(libc_a-nano-svfscanf.o)
                0x08000fb8                _sungetc_r
 .text.__ssrefill_r
                0x0800102e       0x3a /opt/st/stm32cubeide_1.15.0_2/plugins/com.st.stm32cube.ide.mcu.externaltools.gnu-tools-for-stm32.12.3.rel1.linux64_1.0.100.202403111256/tools/bin/../lib/gcc/arm-none-eabi/12.3.1/../../../../arm-none-eabi/lib/thumb/v7e-m/nofp/libc_nano.a(libc_a-nano-svfscanf.o)
                0x0800102e                __ssrefill_r
 .text.__ssvfscanf_r
                0x08001068      0x2e8 /opt/st/stm32cubeide_1.15.0_2/plugins/com.st.stm32cube.ide.mcu.externaltools.gnu-tools-for-stm32.12.3.rel1.linux64_1.0.100.202403111256/tools/bin/../lib/gcc/arm-none-eabi/12.3.1/../../../../arm-none-eabi/lib/thumb/v7e-m/nofp/libc_nano.a(libc_a-nano-svfscanf.o)
                0x08001068                __ssvfscanf_r
                0x08001068                __ssvfiscanf_r
 .text._printf_common
                0x08001350       0xda /opt/st/stm32cubeide_1.15.0_2/plugins/com.st.stm32cube.ide.mcu.externaltools.gnu-tools-for-stm32.12.3.rel1.linux64_1.0.100.202403111256/tools/bin/../lib/gcc/arm-none-eabi/12.3.1/../../../../arm-none-eabi/lib/thumb/v7e-m/nofp/libc_nano.a(libc_a-nano-vfprintf_i.o)
                0x08001350                _printf_common
 *fill*         0x0800142a        0x2 
 .text._printf_i
                0x0800142c      0x240 /opt/st/stm32cubeide_1.15.0_2/plugins/com.st.stm32cube.ide.mcu.externaltools.gnu-tools-for-stm32.12.3.rel1.linux64_1.0.100.202403111256/tools/bin/../lib/gcc/arm-none-eabi/12.3.1/../../../../arm-none-eabi/lib/thumb/v7e-m/nofp/libc_nano.a(libc_a-nano-vfprintf_i.o)
                0x0800142c                _printf_i
 .text._scanf_chars
                0x0800166c       0xb4 /opt/st/stm32cubeide_1.15.0_2/plugins/com.st.stm32cube.ide.mcu.externaltools.gnu-tools-for-stm32.12.3.rel1.linux64_1.0.100.202403111256/tools/bin/../lib/gcc/arm-none-eabi/12.3.1/../../../../arm-none-eabi/lib/thumb/v7e-m/nofp/libc_nano.a(libc_a-nano-vfscanf_i.o)
                0x0800166c                _scanf_chars
 .text._scanf_i
                0x08001720      0x1e8 /opt/st/stm32cubeide_1.15.0_2/plugins/com.st.stm32cube.ide.mcu.externaltools.gnu-tools-for-stm32.12.3.rel1.linux64_1.0.100.202403111256/tools/bin/../lib/gcc/arm-none-eabi/12.3.1/../../../../arm-none-eabi/lib/thumb/v7e-m/nofp/libc_nano.a(libc_a-nano-vfscanf_i.o)
                0x08001720                _scanf_i
 .text.__sccl   0x08001908       0x72 /opt/st/stm32cubeide_1.15.0_2/plugins/com.st.stm32cube.ide.mcu.externaltools.gnu-tools-for-stm32.12.3.rel1.linux64_1.0.100.202403111256/tools/bin/../lib/gcc/arm-none-eabi/12.3.1/../../../../arm-none-eabi/lib/thumb/v7e-m/nofp/libc_nano.a(libc_a-sccl.o)
                0x08001908                __sccl
 .text.__submore
                0x0800197a       0x74 /opt/st/stm32cubeide_1.15.0_2/plugins/com.st.stm32cube.ide.mcu.externaltools.gnu-tools-for-stm32.12.3.rel1.linux64_1.0.100.202403111256/tools/bin/../lib/gcc/arm-none-eabi/12.3.1/../../../../arm-none-eabi/lib/thumb/v7e-m/nofp/libc_nano.a(libc_a-ungetc.o)
                0x0800197a                __submore
 .text.memmove  0x080019ee       0x34 /opt/st/stm32cubeide_1.15.0_2/plugins/com.st.stm32cube.ide.mcu.externaltools.gnu-tools-for-stm32.12.3.rel1.linux64_1.0.100.202403111256/tools/bin/../lib/gcc/arm-none-eabi/12.3.1/../../../../arm-none-eabi/lib/thumb/v7e-m/nofp/libc_nano.a(libc_a-memmove.o)
                0x080019ee                memmove
 *fill*         0x08001a22        0x2 
 .text._sbrk_r  0x08001a24       0x20 /opt/st/stm32cubeide_1.15.0_2/plugins/com.st.stm32cube.ide.mcu.externaltools.gnu-tools-for-stm32.12.3.rel1.linux64_1.0.100.202403111256/tools/bin/../lib/gcc/arm-none-eabi/12.3.1/../../../../arm-none-eabi/lib/thumb/v7e-m/nofp/libc_nano.a(libc_a-sbrkr.o)
                0x08001a24                _sbrk_r
 .text.memcpy   0x08001a44       0x1c /opt/st/stm32cubeide_1.15.0_2/plugins/com.st.stm32cube.ide.mcu.externaltools.gnu-tools-for-stm32.12.3.rel1.linux64_1.0.100.202403111256/tools/bin/../lib/gcc/arm-none-eabi/12.3.1/../../../../arm-none-eabi/lib/thumb/v7e-m/nofp/libc_nano.a(libc_a-memcpy-stub.o)
                0x08001a44                memcpy
 .text._realloc_r
                0x08001a60       0x5c /opt/st/stm32cubeide_1.15.0_2/plugins/com.st.stm32cube.ide.mcu.externaltools.gnu-tools-for-stm32.12.3.rel1.linux64_1.0.100.202403111256/tools/bin/../lib/gcc/arm-none-eabi/12.3.1/../../../../arm-none-eabi/lib/thumb/v7e-m/nofp/libc_nano.a(libc_a-reallocr.o)
                0x08001a60                _realloc_r
 .text._strtol_l.constprop.0
                0x08001abc       0xf4 /opt/st/stm32cubeide_1.15.0_2/plugins/com.st.stm32cube.ide.mcu.externaltools.gnu-tools-for-stm32.12.3.rel1.linux64_1.0.100.202403111256/tools/bin/../lib/gcc/arm-none-eabi/12.3.1/../../../../arm-none-eabi/lib/thumb/v7e-m/nofp/libc_nano.a(libc_a-strtol.o)
 .text._strtol_r
                0x08001bb0        0x4 /opt/st/stm32cubeide_1.15.0_2/plugins/com.st.stm32cube.ide.mcu.externaltools.gnu-tools-for-stm32.12.3.rel1.linux64_1.0.100.202403111256/tools/bin/../lib/gcc/arm-none-eabi/12.3.1/../../../../arm-none-eabi/lib/thumb/v7e-m/nofp/libc_nano.a(libc_a-strtol.o)
                0x08001bb0                _strtol_r
 .text._strtoul_l.constprop.0
                0x08001bb4       0xdc /opt/st/stm32cubeide_1.15.0_2/plugins/com.st.stm32cube.ide.mcu.externaltools.gnu-tools-for-stm32.12.3.rel1.linux64_1.0.100.202403111256/tools/bin/../lib/gcc/arm-none-eabi/12.3.1/../../../../arm-none-eabi/lib/thumb/v7e-m/nofp/libc_nano.a(libc_a-strtoul.o)
 .text._strtoul_r
                0x08001c90        0x4 /opt/st/stm32cubeide_1.15.0_2/plugins/com.st.stm32cube.ide.mcu.externaltools.gnu-tools-for-stm32.12.3.rel1.linux64_1.0.100.202403111256/tools/bin/../lib/gcc/arm-none-eabi/12.3.1/../../../../arm-none-eabi/lib/thumb/v7e-m/nofp/libc_nano.a(libc_a-strtoul.o)
                0x08001c90                _strtoul_r
 .text._malloc_usable_size_r
                0x08001c94       0x10 /opt/st/stm32cubeide_1.15.0_2/plugins/com.st.stm32cube.ide.mcu.externaltools.gnu-tools-for-stm32.12.3.rel1.linux64_1.0.100.202403111256/tools/bin/../lib/gcc/arm-none-eabi/12.3.1/../../../../arm-none-eabi/lib/thumb/v7e-m/nofp/libc_nano.a(libc_a-msizer.o)
                0x08001c94                _malloc_usable_size_r
 *(.glue_7)
 .glue_7        0x08001ca4        0x0 linker stubs
 *(.glue_7t)
 .glue_7t       0x08001ca4        0x0 linker stubs
 *(.eh_frame)
 .eh_frame      0x08001ca4        0x0 /opt/st/stm32cubeide_1.15.0_2/plugins/com.st.stm32cube.ide.mcu.externaltools.gnu-tools-for-stm32.12.3.rel1.linux64_1.0.100.202403111256/tools/bin/../lib/gcc/arm-none-eabi/12.3.1/thumb/v7e-m/nofp/crtbegin.o
 *(.init)
 .init          0x08001ca4        0x4 /opt/st/stm32cubeide_1.15.0_2/plugins/com.st.stm32cube.ide.mcu.externaltools.gnu-tools-for-stm32.12.3.rel1.linux64_1.0.100.202403111256/tools/bin/../lib/gcc/arm-none-eabi/12.3.1/thumb/v7e-m/nofp/crti.o
                0x08001ca4                _init
 .init          0x08001ca8        0x8 /opt/st/stm32cubeide_1.15.0_2/plugins/com.st.stm32cube.ide.mcu.externaltools.gnu-tools-for-stm32.12.3.rel1.linux64_1.0.100.202403111256/tools/bin/../lib/gcc/arm-none-eabi/12.3.1/thumb/v7e-m/nofp/crtn.o
 *(.fini)
 .fini          0x08001cb0        0x4 /opt/st/stm32cubeide_1.15.0_2/plugins/com.st.stm32cube.ide.mcu.externaltools.gnu-tools-for-stm32.12.3.rel1.linux64_1.0.100.202403111256/tools/bin/../lib/gcc/arm-none-eabi/12.3.1/thumb/v7e-m/nofp/crti.o
                0x08001cb0                _fini
 .fini          0x08001cb4        0x8 /opt/st/stm32cubeide_1.15.0_2/plugins/com.st.stm32cube.ide.mcu.externaltools.gnu-tools-for-stm32.12.3.rel1.linux64_1.0.100.202403111256/tools/bin/../lib/gcc/arm-none-eabi/12.3.1/thumb/v7e-m/nofp/crtn.o
                0x08001cbc                        . = ALIGN (0x4)
                0x08001cbc                        _etext = .

.vfp11_veneer   0x08001cbc        0x0
 .vfp11_veneer  0x08001cbc        0x0 linker stubs

.v4_bx          0x08001cbc        0x0
 .v4_bx         0x08001cbc        0x0 linker stubs

.iplt           0x08001cbc        0x0
 .iplt          0x08001cbc        0x0 /opt/st/stm32cubeide_1.15.0_2/plugins/com.st.stm32cube.ide.mcu.externaltools.gnu-tools-for-stm32.12.3.rel1.linux64_1.0.100.202403111256/tools/bin/../lib/gcc/arm-none-eabi/12.3.1/thumb/v7e-m/nofp/crtbegin.o

.rodata         0x08001cbc      0x1c8
                0x08001cbc                        . = ALIGN (0x4)
 *(.rodata)
 .rodata        0x08001cbc       0x6c ./Src/main.o
 .rodata        0x08001d28        0xc /opt/st/stm32cubeide_1.15.0_2/plugins/com.st.stm32cube.ide.mcu.externaltools.gnu-tools-for-stm32.12.3.rel1.linux64_1.0.100.202403111256/tools/bin/../lib/gcc/arm-none-eabi/12.3.1/../../../../arm-none-eabi/lib/thumb/v7e-m/nofp/libc_nano.a(libc_a-nano-vfscanf_i.o)
 *(.rodata*)
 .rodata._svfprintf_r.str1.1
                0x08001d34       0x11 /opt/st/stm32cubeide_1.15.0_2/plugins/com.st.stm32cube.ide.mcu.externaltools.gnu-tools-for-stm32.12.3.rel1.linux64_1.0.100.202403111256/tools/bin/../lib/gcc/arm-none-eabi/12.3.1/../../../../arm-none-eabi/lib/thumb/v7e-m/nofp/libc_nano.a(libc_a-nano-svfprintf.o)
 .rodata.__ssvfscanf_r.str1.1
                0x08001d45        0x4 /opt/st/stm32cubeide_1.15.0_2/plugins/com.st.stm32cube.ide.mcu.externaltools.gnu-tools-for-stm32.12.3.rel1.linux64_1.0.100.202403111256/tools/bin/../lib/gcc/arm-none-eabi/12.3.1/../../../../arm-none-eabi/lib/thumb/v7e-m/nofp/libc_nano.a(libc_a-nano-svfscanf.o)
 .rodata._printf_i.str1.1
                0x08001d45       0x22 /opt/st/stm32cubeide_1.15.0_2/plugins/com.st.stm32cube.ide.mcu.externaltools.gnu-tools-for-stm32.12.3.rel1.linux64_1.0.100.202403111256/tools/bin/../lib/gcc/arm-none-eabi/12.3.1/../../../../arm-none-eabi/lib/thumb/v7e-m/nofp/libc_nano.a(libc_a-nano-vfprintf_i.o)
 .rodata._scanf_i.str1.1
                0x08001d67       0x12 /opt/st/stm32cubeide_1.15.0_2/plugins/com.st.stm32cube.ide.mcu.externaltools.gnu-tools-for-stm32.12.3.rel1.linux64_1.0.100.202403111256/tools/bin/../lib/gcc/arm-none-eabi/12.3.1/../../../../arm-none-eabi/lib/thumb/v7e-m/nofp/libc_nano.a(libc_a-nano-vfscanf_i.o)
 .rodata.str1.1
                0x08001d79        0x9 /opt/st/stm32cubeide_1.15.0_2/plugins/com.st.stm32cube.ide.mcu.externaltools.gnu-tools-for-stm32.12.3.rel1.linux64_1.0.100.202403111256/tools/bin/../lib/gcc/arm-none-eabi/12.3.1/../../../../arm-none-eabi/lib/thumb/v7e-m/nofp/libc_nano.a(libc_a-nano-vfscanf_i.o)
 .rodata._ctype_
                0x08001d82      0x101 /opt/st/stm32cubeide_1.15.0_2/plugins/com.st.stm32cube.ide.mcu.externaltools.gnu-tools-for-stm32.12.3.rel1.linux64_1.0.100.202403111256/tools/bin/../lib/gcc/arm-none-eabi/12.3.1/../../../../arm-none-eabi/lib/thumb/v7e-m/nofp/libc_nano.a(libc_a-ctype_.o)
                0x08001d82                _ctype_
                0x08001e84                        . = ALIGN (0x4)
 *fill*         0x08001e83        0x1 

.ARM.extab      0x08001e84        0x0
                0x08001e84                        . = ALIGN (0x4)
 *(.ARM.extab* .gnu.linkonce.armextab.*)
                0x08001e84                        . = ALIGN (0x4)

.ARM            0x08001e84        0x8
                0x08001e84                        . = ALIGN (0x4)
                0x08001e84                        __exidx_start = .
 *(.ARM.exidx*)
 .ARM.exidx     0x08001e84        0x8 /opt/st/stm32cubeide_1.15.0_2/plugins/com.st.stm32cube.ide.mcu.externaltools.gnu-tools-for-stm32.12.3.rel1.linux64_1.0.100.202403111256/tools/bin/../lib/gcc/arm-none-eabi/12.3.1/../../../../arm-none-eabi/lib/thumb/v7e-m/nofp/libc_nano.a(libc_a-strlen.o)
 .ARM.exidx     0x08001e8c        0x0 /opt/st/stm32cubeide_1.15.0_2/plugins/com.st.stm32cube.ide.mcu.externaltools.gnu-tools-for-stm32.12.3.rel1.linux64_1.0.100.202403111256/tools/bin/../lib/gcc/arm-none-eabi/12.3.1/../../../../arm-none-eabi/lib/thumb/v7e-m/nofp/libc_nano.a(libc_a-memchr.o)
                                  0x8 (size before relaxing)
                0x08001e8c                        __exidx_end = .
                0x08001e8c                        . = ALIGN (0x4)

.preinit_array  0x08001e8c        0x0
                0x08001e8c                        . = ALIGN (0x4)
                0x08001e8c                        PROVIDE (__preinit_array_start = .)
 *(.preinit_array*)
                0x08001e8c                        PROVIDE (__preinit_array_end = .)
                0x08001e8c                        . = ALIGN (0x4)

.init_array     0x08001e8c        0x4
                0x08001e8c                        . = ALIGN (0x4)
                0x08001e8c                        PROVIDE (__init_array_start = .)
 *(SORT_BY_NAME(.init_array.*))
 *(.init_array*)
 .init_array    0x08001e8c        0x4 /opt/st/stm32cubeide_1.15.0_2/plugins/com.st.stm32cube.ide.mcu.externaltools.gnu-tools-for-stm32.12.3.rel1.linux64_1.0.100.202403111256/tools/bin/../lib/gcc/arm-none-eabi/12.3.1/thumb/v7e-m/nofp/crtbegin.o
                0x08001e90                        PROVIDE (__init_array_end = .)
                0x08001e90                        . = ALIGN (0x4)

.fini_array     0x08001e90        0x4
                0x08001e90                        . = ALIGN (0x4)
                [!provide]                        PROVIDE (__fini_array_start = .)
 *(SORT_BY_NAME(.fini_array.*))
 *(.fini_array*)
 .fini_array    0x08001e90        0x4 /opt/st/stm32cubeide_1.15.0_2/plugins/com.st.stm32cube.ide.mcu.externaltools.gnu-tools-for-stm32.12.3.rel1.linux64_1.0.100.202403111256/tools/bin/../lib/gcc/arm-none-eabi/12.3.1/thumb/v7e-m/nofp/crtbegin.o
                [!provide]                        PROVIDE (__fini_array_end = .)
                0x08001e94                        . = ALIGN (0x4)
                0x08001e94                        _sidata = LOADADDR (.data)

.rel.dyn        0x08001e94        0x0
 .rel.iplt      0x08001e94        0x0 /opt/st/stm32cubeide_1.15.0_2/plugins/com.st.stm32cube.ide.mcu.externaltools.gnu-tools-for-stm32.12.3.rel1.linux64_1.0.100.202403111256/tools/bin/../lib/gcc/arm-none-eabi/12.3.1/thumb/v7e-m/nofp/crtbegin.o

.data           0x20000000       0x54 load address 0x08001e94
                0x20000000                        . = ALIGN (0x4)
                0x20000000                        _sdata = .
 *(.data)
 *(.data*)
 .data.SystemCoreClock
                0x20000000        0x4 ./Src/system_stm32f4xx.o
                0x20000000                SystemCoreClock
 .data._impure_ptr
                0x20000004        0x4 /opt/st/stm32cubeide_1.15.0_2/plugins/com.st.stm32cube.ide.mcu.externaltools.gnu-tools-for-stm32.12.3.rel1.linux64_1.0.100.202403111256/tools/bin/../lib/gcc/arm-none-eabi/12.3.1/../../../../arm-none-eabi/lib/thumb/v7e-m/nofp/libc_nano.a(libc_a-impure.o)
                0x20000004                _impure_ptr
 .data._impure_data
                0x20000008       0x4c /opt/st/stm32cubeide_1.15.0_2/plugins/com.st.stm32cube.ide.mcu.externaltools.gnu-tools-for-stm32.12.3.rel1.linux64_1.0.100.202403111256/tools/bin/../lib/gcc/arm-none-eabi/12.3.1/../../../../arm-none-eabi/lib/thumb/v7e-m/nofp/libc_nano.a(libc_a-impure.o)
                0x20000008                _impure_data
 *(.RamFunc)
 *(.RamFunc*)
                0x20000054                        . = ALIGN (0x4)
                0x20000054                        _edata = .
                0x08001ee8                        _siccmram = LOADADDR (.ccmram)

.igot.plt       0x20000054        0x0 load address 0x08001ee8
 .igot.plt      0x20000054        0x0 /opt/st/stm32cubeide_1.15.0_2/plugins/com.st.stm32cube.ide.mcu.externaltools.gnu-tools-for-stm32.12.3.rel1.linux64_1.0.100.202403111256/tools/bin/../lib/gcc/arm-none-eabi/12.3.1/thumb/v7e-m/nofp/crtbegin.o

.ccmram         0x10000000        0x0 load address 0x08001ee8
                0x10000000                        . = ALIGN (0x4)
                0x10000000                        _sccmram = .
 *(.ccmram)
 *(.ccmram*)
                0x10000000                        . = ALIGN (0x4)
                0x10000000                        _eccmram = .
                0x10000000                        . = ALIGN (0x4)

.bss            0x20000054      0x168
                0x20000054                        _sbss = .
                0x20000054                        __bss_start__ = _sbss
 *(.bss)
 .bss           0x20000054       0x1c /opt/st/stm32cubeide_1.15.0_2/plugins/com.st.stm32cube.ide.mcu.externaltools.gnu-tools-for-stm32.12.3.rel1.linux64_1.0.100.202403111256/tools/bin/../lib/gcc/arm-none-eabi/12.3.1/thumb/v7e-m/nofp/crtbegin.o
 *(.bss*)
 .bss.__sbrk_heap_end
                0x20000070        0x4 ./Src/sysmem.o
 .bss.__sf      0x20000074      0x138 /opt/st/stm32cubeide_1.15.0_2/plugins/com.st.stm32cube.ide.mcu.externaltools.gnu-tools-for-stm32.12.3.rel1.linux64_1.0.100.202403111256/tools/bin/../lib/gcc/arm-none-eabi/12.3.1/../../../../arm-none-eabi/lib/thumb/v7e-m/nofp/libc_nano.a(libc_a-findfp.o)
                0x20000074                __sf
 .bss.errno     0x200001ac        0x4 /opt/st/stm32cubeide_1.15.0_2/plugins/com.st.stm32cube.ide.mcu.externaltools.gnu-tools-for-stm32.12.3.rel1.linux64_1.0.100.202403111256/tools/bin/../lib/gcc/arm-none-eabi/12.3.1/../../../../arm-none-eabi/lib/thumb/v7e-m/nofp/libc_nano.a(libc_a-reent.o)
                0x200001ac                errno
 .bss.__lock___malloc_recursive_mutex
                0x200001b0        0x1 /opt/st/stm32cubeide_1.15.0_2/plugins/com.st.stm32cube.ide.mcu.externaltools.gnu-tools-for-stm32.12.3.rel1.linux64_1.0.100.202403111256/tools/bin/../lib/gcc/arm-none-eabi/12.3.1/../../../../arm-none-eabi/lib/thumb/v7e-m/nofp/libc_nano.a(libc_a-lock.o)
                0x200001b0                __lock___malloc_recursive_mutex
 *fill*         0x200001b1        0x3 
 .bss.__malloc_sbrk_start
                0x200001b4        0x4 /opt/st/stm32cubeide_1.15.0_2/plugins/com.st.stm32cube.ide.mcu.externaltools.gnu-tools-for-stm32.12.3.rel1.linux64_1.0.100.202403111256/tools/bin/../lib/gcc/arm-none-eabi/12.3.1/../../../../arm-none-eabi/lib/thumb/v7e-m/nofp/libc_nano.a(libc_a-mallocr.o)
                0x200001b4                __malloc_sbrk_start
 .bss.__malloc_free_list
                0x200001b8        0x4 /opt/st/stm32cubeide_1.15.0_2/plugins/com.st.stm32cube.ide.mcu.externaltools.gnu-tools-for-stm32.12.3.rel1.linux64_1.0.100.202403111256/tools/bin/../lib/gcc/arm-none-eabi/12.3.1/../../../../arm-none-eabi/lib/thumb/v7e-m/nofp/libc_nano.a(libc_a-mallocr.o)
                0x200001b8                __malloc_free_list
 *(COMMON)
                0x200001bc                        . = ALIGN (0x4)
                0x200001bc                        _ebss = .
                0x200001bc                        __bss_end__ = _ebss

._user_heap_stack
                0x200001bc      0x604
                0x200001c0                        . = ALIGN (0x8)
 *fill*         0x200001bc        0x4 
                [!provide]                        PROVIDE (end = .)
                0x200001c0                        PROVIDE (_end = .)
                0x200003c0                        . = (. + _Min_Heap_Size)
 *fill*         0x200001c0      0x200 
                0x200007c0                        . = (. + _Min_Stack_Size)
 *fill*         0x200003c0      0x400 
                0x200007c0                        . = ALIGN (0x8)

/DISCARD/
 libc.a(*)
 libm.a(*)
 libgcc.a(*)

.ARM.attributes
                0x00000000       0x2a
 *(.ARM.attributes)
 .ARM.attributes
                0x00000000       0x1e /opt/st/stm32cubeide_1.15.0_2/plugins/com.st.stm32cube.ide.mcu.externaltools.gnu-tools-for-stm32.12.3.rel1.linux64_1.0.100.202403111256/tools/bin/../lib/gcc/arm-none-eabi/12.3.1/thumb/v7e-m/nofp/crti.o
 .ARM.attributes
                0x0000001e       0x2e /opt/st/stm32cubeide_1.15.0_2/plugins/com.st.stm32cube.ide.mcu.externaltools.gnu-tools-for-stm32.12.3.rel1.linux64_1.0.100.202403111256/tools/bin/../lib/gcc/arm-none-eabi/12.3.1/thumb/v7e-m/nofp/crtbegin.o
 .ARM.attributes
                0x0000004c       0x2e ./Src/EEROM.o
 .ARM.attributes
                0x0000007a       0x2e ./Src/I2C.o
 .ARM.attributes
                0x000000a8       0x2e ./Src/main.o
 .ARM.attributes
                0x000000d6       0x2e ./Src/sysmem.o
 .ARM.attributes
                0x00000104       0x2e ./Src/system_stm32f4xx.o
 .ARM.attributes
                0x00000132       0x2e ./Src/uart.o
 .ARM.attributes
                0x00000160       0x21 ./Startup/startup_stm32f407vgtx.o
 .ARM.attributes
                0x00000181       0x2e /opt/st/stm32cubeide_1.15.0_2/plugins/com.st.stm32cube.ide.mcu.externaltools.gnu-tools-for-stm32.12.3.rel1.linux64_1.0.100.202403111256/tools/bin/../lib/gcc/arm-none-eabi/12.3.1/../../../../arm-none-eabi/lib/thumb/v7e-m/nofp/libc_nano.a(libc_a-findfp.o)
 .ARM.attributes
                0x000001af       0x2e /opt/st/stm32cubeide_1.15.0_2/plugins/com.st.stm32cube.ide.mcu.externaltools.gnu-tools-for-stm32.12.3.rel1.linux64_1.0.100.202403111256/tools/bin/../lib/gcc/arm-none-eabi/12.3.1/../../../../arm-none-eabi/lib/thumb/v7e-m/nofp/libc_nano.a(libc_a-sprintf.o)
 .ARM.attributes
                0x000001dd       0x2e /opt/st/stm32cubeide_1.15.0_2/plugins/com.st.stm32cube.ide.mcu.externaltools.gnu-tools-for-stm32.12.3.rel1.linux64_1.0.100.202403111256/tools/bin/../lib/gcc/arm-none-eabi/12.3.1/../../../../arm-none-eabi/lib/thumb/v7e-m/nofp/libc_nano.a(libc_a-sscanf.o)
 .ARM.attributes
                0x0000020b       0x2e /opt/st/stm32cubeide_1.15.0_2/plugins/com.st.stm32cube.ide.mcu.externaltools.gnu-tools-for-stm32.12.3.rel1.linux64_1.0.100.202403111256/tools/bin/../lib/gcc/arm-none-eabi/12.3.1/../../../../arm-none-eabi/lib/thumb/v7e-m/nofp/libc_nano.a(libc_a-stdio.o)
 .ARM.attributes
                0x00000239       0x2e /opt/st/stm32cubeide_1.15.0_2/plugins/com.st.stm32cube.ide.mcu.externaltools.gnu-tools-for-stm32.12.3.rel1.linux64_1.0.100.202403111256/tools/bin/../lib/gcc/arm-none-eabi/12.3.1/../../../../arm-none-eabi/lib/thumb/v7e-m/nofp/libc_nano.a(libc_a-memset.o)
 .ARM.attributes
                0x00000267       0x2e /opt/st/stm32cubeide_1.15.0_2/plugins/com.st.stm32cube.ide.mcu.externaltools.gnu-tools-for-stm32.12.3.rel1.linux64_1.0.100.202403111256/tools/bin/../lib/gcc/arm-none-eabi/12.3.1/../../../../arm-none-eabi/lib/thumb/v7e-m/nofp/libc_nano.a(libc_a-reent.o)
 .ARM.attributes
                0x00000295       0x2e /opt/st/stm32cubeide_1.15.0_2/plugins/com.st.stm32cube.ide.mcu.externaltools.gnu-tools-for-stm32.12.3.rel1.linux64_1.0.100.202403111256/tools/bin/../lib/gcc/arm-none-eabi/12.3.1/../../../../arm-none-eabi/lib/thumb/v7e-m/nofp/libc_nano.a(libc_a-impure.o)
 .ARM.attributes
                0x000002c3       0x2e /opt/st/stm32cubeide_1.15.0_2/plugins/com.st.stm32cube.ide.mcu.externaltools.gnu-tools-for-stm32.12.3.rel1.linux64_1.0.100.202403111256/tools/bin/../lib/gcc/arm-none-eabi/12.3.1/../../../../arm-none-eabi/lib/thumb/v7e-m/nofp/libc_nano.a(libc_a-errno.o)
 .ARM.attributes
                0x000002f1       0x2e /opt/st/stm32cubeide_1.15.0_2/plugins/com.st.stm32cube.ide.mcu.externaltools.gnu-tools-for-stm32.12.3.rel1.linux64_1.0.100.202403111256/tools/bin/../lib/gcc/arm-none-eabi/12.3.1/../../../../arm-none-eabi/lib/thumb/v7e-m/nofp/libc_nano.a(libc_a-init.o)
 .ARM.attributes
                0x0000031f       0x2e /opt/st/stm32cubeide_1.15.0_2/plugins/com.st.stm32cube.ide.mcu.externaltools.gnu-tools-for-stm32.12.3.rel1.linux64_1.0.100.202403111256/tools/bin/../lib/gcc/arm-none-eabi/12.3.1/../../../../arm-none-eabi/lib/thumb/v7e-m/nofp/libc_nano.a(libc_a-lock.o)
 .ARM.attributes
                0x0000034d       0x17 /opt/st/stm32cubeide_1.15.0_2/plugins/com.st.stm32cube.ide.mcu.externaltools.gnu-tools-for-stm32.12.3.rel1.linux64_1.0.100.202403111256/tools/bin/../lib/gcc/arm-none-eabi/12.3.1/../../../../arm-none-eabi/lib/thumb/v7e-m/nofp/libc_nano.a(libc_a-strlen.o)
 .ARM.attributes
                0x00000364       0x2e /opt/st/stm32cubeide_1.15.0_2/plugins/com.st.stm32cube.ide.mcu.externaltools.gnu-tools-for-stm32.12.3.rel1.linux64_1.0.100.202403111256/tools/bin/../lib/gcc/arm-none-eabi/12.3.1/../../../../arm-none-eabi/lib/thumb/v7e-m/nofp/libc_nano.a(libc_a-freer.o)
 .ARM.attributes
                0x00000392       0x2e /opt/st/stm32cubeide_1.15.0_2/plugins/com.st.stm32cube.ide.mcu.externaltools.gnu-tools-for-stm32.12.3.rel1.linux64_1.0.100.202403111256/tools/bin/../lib/gcc/arm-none-eabi/12.3.1/../../../../arm-none-eabi/lib/thumb/v7e-m/nofp/libc_nano.a(libc_a-mallocr.o)
 .ARM.attributes
                0x000003c0       0x2e /opt/st/stm32cubeide_1.15.0_2/plugins/com.st.stm32cube.ide.mcu.externaltools.gnu-tools-for-stm32.12.3.rel1.linux64_1.0.100.202403111256/tools/bin/../lib/gcc/arm-none-eabi/12.3.1/../../../../arm-none-eabi/lib/thumb/v7e-m/nofp/libc_nano.a(libc_a-mlock.o)
 .ARM.attributes
                0x000003ee       0x2e /opt/st/stm32cubeide_1.15.0_2/plugins/com.st.stm32cube.ide.mcu.externaltools.gnu-tools-for-stm32.12.3.rel1.linux64_1.0.100.202403111256/tools/bin/../lib/gcc/arm-none-eabi/12.3.1/../../../../arm-none-eabi/lib/thumb/v7e-m/nofp/libc_nano.a(libc_a-nano-svfprintf.o)
 .ARM.attributes
                0x0000041c       0x2e /opt/st/stm32cubeide_1.15.0_2/plugins/com.st.stm32cube.ide.mcu.externaltools.gnu-tools-for-stm32.12.3.rel1.linux64_1.0.100.202403111256/tools/bin/../lib/gcc/arm-none-eabi/12.3.1/../../../../arm-none-eabi/lib/thumb/v7e-m/nofp/libc_nano.a(libc_a-nano-svfscanf.o)
 .ARM.attributes
                0x0000044a       0x2e /opt/st/stm32cubeide_1.15.0_2/plugins/com.st.stm32cube.ide.mcu.externaltools.gnu-tools-for-stm32.12.3.rel1.linux64_1.0.100.202403111256/tools/bin/../lib/gcc/arm-none-eabi/12.3.1/../../../../arm-none-eabi/lib/thumb/v7e-m/nofp/libc_nano.a(libc_a-nano-vfprintf_i.o)
 .ARM.attributes
                0x00000478       0x2e /opt/st/stm32cubeide_1.15.0_2/plugins/com.st.stm32cube.ide.mcu.externaltools.gnu-tools-for-stm32.12.3.rel1.linux64_1.0.100.202403111256/tools/bin/../lib/gcc/arm-none-eabi/12.3.1/../../../../arm-none-eabi/lib/thumb/v7e-m/nofp/libc_nano.a(libc_a-nano-vfscanf_i.o)
 .ARM.attributes
                0x000004a6       0x2e /opt/st/stm32cubeide_1.15.0_2/plugins/com.st.stm32cube.ide.mcu.externaltools.gnu-tools-for-stm32.12.3.rel1.linux64_1.0.100.202403111256/tools/bin/../lib/gcc/arm-none-eabi/12.3.1/../../../../arm-none-eabi/lib/thumb/v7e-m/nofp/libc_nano.a(libc_a-sccl.o)
 .ARM.attributes
                0x000004d4       0x2e /opt/st/stm32cubeide_1.15.0_2/plugins/com.st.stm32cube.ide.mcu.externaltools.gnu-tools-for-stm32.12.3.rel1.linux64_1.0.100.202403111256/tools/bin/../lib/gcc/arm-none-eabi/12.3.1/../../../../arm-none-eabi/lib/thumb/v7e-m/nofp/libc_nano.a(libc_a-ungetc.o)
 .ARM.attributes
                0x00000502       0x2e /opt/st/stm32cubeide_1.15.0_2/plugins/com.st.stm32cube.ide.mcu.externaltools.gnu-tools-for-stm32.12.3.rel1.linux64_1.0.100.202403111256/tools/bin/../lib/gcc/arm-none-eabi/12.3.1/../../../../arm-none-eabi/lib/thumb/v7e-m/nofp/libc_nano.a(libc_a-memmove.o)
 .ARM.attributes
                0x00000530       0x2e /opt/st/stm32cubeide_1.15.0_2/plugins/com.st.stm32cube.ide.mcu.externaltools.gnu-tools-for-stm32.12.3.rel1.linux64_1.0.100.202403111256/tools/bin/../lib/gcc/arm-none-eabi/12.3.1/../../../../arm-none-eabi/lib/thumb/v7e-m/nofp/libc_nano.a(libc_a-sbrkr.o)
 .ARM.attributes
                0x0000055e       0x1c /opt/st/stm32cubeide_1.15.0_2/plugins/com.st.stm32cube.ide.mcu.externaltools.gnu-tools-for-stm32.12.3.rel1.linux64_1.0.100.202403111256/tools/bin/../lib/gcc/arm-none-eabi/12.3.1/../../../../arm-none-eabi/lib/thumb/v7e-m/nofp/libc_nano.a(libc_a-memchr.o)
 .ARM.attributes
                0x0000057a       0x2e /opt/st/stm32cubeide_1.15.0_2/plugins/com.st.stm32cube.ide.mcu.externaltools.gnu-tools-for-stm32.12.3.rel1.linux64_1.0.100.202403111256/tools/bin/../lib/gcc/arm-none-eabi/12.3.1/../../../../arm-none-eabi/lib/thumb/v7e-m/nofp/libc_nano.a(libc_a-memcpy-stub.o)
 .ARM.attributes
                0x000005a8       0x2e /opt/st/stm32cubeide_1.15.0_2/plugins/com.st.stm32cube.ide.mcu.externaltools.gnu-tools-for-stm32.12.3.rel1.linux64_1.0.100.202403111256/tools/bin/../lib/gcc/arm-none-eabi/12.3.1/../../../../arm-none-eabi/lib/thumb/v7e-m/nofp/libc_nano.a(libc_a-reallocr.o)
 .ARM.attributes
                0x000005d6       0x2e /opt/st/stm32cubeide_1.15.0_2/plugins/com.st.stm32cube.ide.mcu.externaltools.gnu-tools-for-stm32.12.3.rel1.linux64_1.0.100.202403111256/tools/bin/../lib/gcc/arm-none-eabi/12.3.1/../../../../arm-none-eabi/lib/thumb/v7e-m/nofp/libc_nano.a(libc_a-strtol.o)
 .ARM.attributes
                0x00000604       0x2e /opt/st/stm32cubeide_1.15.0_2/plugins/com.st.stm32cube.ide.mcu.externaltools.gnu-tools-for-stm32.12.3.rel1.linux64_1.0.100.202403111256/tools/bin/../lib/gcc/arm-none-eabi/12.3.1/../../../../arm-none-eabi/lib/thumb/v7e-m/nofp/libc_nano.a(libc_a-strtoul.o)
 .ARM.attributes
                0x00000632       0x2e /opt/st/stm32cubeide_1.15.0_2/plugins/com.st.stm32cube.ide.mcu.externaltools.gnu-tools-for-stm32.12.3.rel1.linux64_1.0.100.202403111256/tools/bin/../lib/gcc/arm-none-eabi/12.3.1/../../../../arm-none-eabi/lib/thumb/v7e-m/nofp/libc_nano.a(libc_a-ctype_.o)
 .ARM.attributes
                0x00000660       0x2e /opt/st/stm32cubeide_1.15.0_2/plugins/com.st.stm32cube.ide.mcu.externaltools.gnu-tools-for-stm32.12.3.rel1.linux64_1.0.100.202403111256/tools/bin/../lib/gcc/arm-none-eabi/12.3.1/../../../../arm-none-eabi/lib/thumb/v7e-m/nofp/libc_nano.a(libc_a-msizer.o)
 .ARM.attributes
                0x0000068e       0x1e /opt/st/stm32cubeide_1.15.0_2/plugins/com.st.stm32cube.ide.mcu.externaltools.gnu-tools-for-stm32.12.3.rel1.linux64_1.0.100.202403111256/tools/bin/../lib/gcc/arm-none-eabi/12.3.1/thumb/v7e-m/nofp/crtn.o
OUTPUT(Day08_1I2C.elf elf32-littlearm)
LOAD linker stubs
LOAD /opt/st/stm32cubeide_1.15.0_2/plugins/com.st.stm32cube.ide.mcu.externaltools.gnu-tools-for-stm32.12.3.rel1.linux64_1.0.100.202403111256/tools/bin/../lib/gcc/arm-none-eabi/12.3.1/../../../../arm-none-eabi/lib/thumb/v7e-m/nofp/libc.a
LOAD /opt/st/stm32cubeide_1.15.0_2/plugins/com.st.stm32cube.ide.mcu.externaltools.gnu-tools-for-stm32.12.3.rel1.linux64_1.0.100.202403111256/tools/bin/../lib/gcc/arm-none-eabi/12.3.1/../../../../arm-none-eabi/lib/thumb/v7e-m/nofp/libm.a
LOAD /opt/st/stm32cubeide_1.15.0_2/plugins/com.st.stm32cube.ide.mcu.externaltools.gnu-tools-for-stm32.12.3.rel1.linux64_1.0.100.202403111256/tools/bin/../lib/gcc/arm-none-eabi/12.3.1/thumb/v7e-m/nofp/libgcc.a

.debug_info     0x00000000     0x150a
 .debug_info    0x00000000      0x216 ./Src/EEROM.o
 .debug_info    0x00000216      0x644 ./Src/I2C.o
 .debug_info    0x0000085a      0x1cc ./Src/main.o
 .debug_info    0x00000a26      0x168 ./Src/sysmem.o
 .debug_info    0x00000b8e      0x53c ./Src/system_stm32f4xx.o
 .debug_info    0x000010ca      0x410 ./Src/uart.o
 .debug_info    0x000014da       0x30 ./Startup/startup_stm32f407vgtx.o

.debug_abbrev   0x00000000      0x709
 .debug_abbrev  0x00000000      0x130 ./Src/EEROM.o
 .debug_abbrev  0x00000130      0x17f ./Src/I2C.o
 .debug_abbrev  0x000002af       0xd9 ./Src/main.o
 .debug_abbrev  0x00000388       0xbc ./Src/sysmem.o
 .debug_abbrev  0x00000444      0x158 ./Src/system_stm32f4xx.o
 .debug_abbrev  0x0000059c      0x149 ./Src/uart.o
 .debug_abbrev  0x000006e5       0x24 ./Startup/startup_stm32f407vgtx.o

.debug_aranges  0x00000000      0x178
 .debug_aranges
                0x00000000       0x30 ./Src/EEROM.o
 .debug_aranges
                0x00000030       0x68 ./Src/I2C.o
 .debug_aranges
                0x00000098       0x20 ./Src/main.o
 .debug_aranges
                0x000000b8       0x20 ./Src/sysmem.o
 .debug_aranges
                0x000000d8       0x38 ./Src/system_stm32f4xx.o
 .debug_aranges
                0x00000110       0x40 ./Src/uart.o
 .debug_aranges
                0x00000150       0x28 ./Startup/startup_stm32f407vgtx.o

.debug_rnglists
                0x00000000       0xfb
 .debug_rnglists
                0x00000000       0x1f ./Src/EEROM.o
 .debug_rnglists
                0x0000001f       0x4a ./Src/I2C.o
 .debug_rnglists
                0x00000069       0x14 ./Src/main.o
 .debug_rnglists
                0x0000007d       0x13 ./Src/sysmem.o
 .debug_rnglists
                0x00000090       0x26 ./Src/system_stm32f4xx.o
 .debug_rnglists
                0x000000b6       0x2c ./Src/uart.o
 .debug_rnglists
                0x000000e2       0x19 ./Startup/startup_stm32f407vgtx.o

.debug_macro    0x00000000    0x194df
 .debug_macro   0x00000000       0xf4 ./Src/EEROM.o
 .debug_macro   0x000000f4      0xab4 ./Src/EEROM.o
 .debug_macro   0x00000ba8       0x2e ./Src/EEROM.o
 .debug_macro   0x00000bd6       0x2f ./Src/EEROM.o
 .debug_macro   0x00000c05       0x22 ./Src/EEROM.o
 .debug_macro   0x00000c27       0x8e ./Src/EEROM.o
 .debug_macro   0x00000cb5       0x51 ./Src/EEROM.o
 .debug_macro   0x00000d06      0x103 ./Src/EEROM.o
 .debug_macro   0x00000e09       0x6a ./Src/EEROM.o
 .debug_macro   0x00000e73      0x1df ./Src/EEROM.o
 .debug_macro   0x00001052       0x1c ./Src/EEROM.o
 .debug_macro   0x0000106e       0x22 ./Src/EEROM.o
 .debug_macro   0x00001090       0xd9 ./Src/EEROM.o
 .debug_macro   0x00001169     0x102d ./Src/EEROM.o
 .debug_macro   0x00002196      0x11f ./Src/EEROM.o
 .debug_macro   0x000022b5       0x11 ./Src/EEROM.o
 .debug_macro   0x000022c6    0x15e3c ./Src/EEROM.o
 .debug_macro   0x00018102       0x4a ./Src/EEROM.o
 .debug_macro   0x0001814c       0x10 ./Src/EEROM.o
 .debug_macro   0x0001815c       0x2e ./Src/EEROM.o
 .debug_macro   0x0001818a       0x10 ./Src/EEROM.o
 .debug_macro   0x0001819a       0xdc ./Src/I2C.o
 .debug_macro   0x00018276      0x211 ./Src/main.o
 .debug_macro   0x00018487       0x61 ./Src/main.o
 .debug_macro   0x000184e8       0x24 ./Src/main.o
 .debug_macro   0x0001850c       0x43 ./Src/main.o
 .debug_macro   0x0001854f       0x34 ./Src/main.o
 .debug_macro   0x00018583       0x16 ./Src/main.o
 .debug_macro   0x00018599       0x9e ./Src/main.o
 .debug_macro   0x00018637      0x369 ./Src/main.o
 .debug_macro   0x000189a0      0x10b ./Src/main.o
 .debug_macro   0x00018aab       0x10 ./Src/main.o
 .debug_macro   0x00018abb       0x16 ./Src/main.o
 .debug_macro   0x00018ad1       0x43 ./Src/main.o
 .debug_macro   0x00018b14       0x34 ./Src/main.o
 .debug_macro   0x00018b48       0x10 ./Src/main.o
 .debug_macro   0x00018b58       0x58 ./Src/main.o
 .debug_macro   0x00018bb0       0x8e ./Src/main.o
 .debug_macro   0x00018c3e       0x1c ./Src/main.o
 .debug_macro   0x00018c5a      0x177 ./Src/main.o
 .debug_macro   0x00018dd1       0x16 ./Src/main.o
 .debug_macro   0x00018de7       0x16 ./Src/main.o
 .debug_macro   0x00018dfd      0x146 ./Src/main.o
 .debug_macro   0x00018f43       0x16 ./Src/main.o
 .debug_macro   0x00018f59       0x35 ./Src/main.o
 .debug_macro   0x00018f8e       0x20 ./Src/main.o
 .debug_macro   0x00018fae       0xff ./Src/sysmem.o
 .debug_macro   0x000190ad      0x23c ./Src/sysmem.o
 .debug_macro   0x000192e9       0xe0 ./Src/system_stm32f4xx.o
 .debug_macro   0x000193c9       0xee ./Src/uart.o
 .debug_macro   0x000194b7       0x28 ./Src/uart.o

.debug_line     0x00000000     0x2027
 .debug_line    0x00000000      0x4a5 ./Src/EEROM.o
 .debug_line    0x000004a5      0x678 ./Src/I2C.o
 .debug_line    0x00000b1d      0x5a8 ./Src/main.o
 .debug_line    0x000010c5      0x4bd ./Src/sysmem.o
 .debug_line    0x00001582      0x4de ./Src/system_stm32f4xx.o
 .debug_line    0x00001a60      0x54c ./Src/uart.o
 .debug_line    0x00001fac       0x7b ./Startup/startup_stm32f407vgtx.o

.debug_str      0x00000000    0x8be37
 .debug_str     0x00000000    0x87b11 ./Src/EEROM.o
                              0x87c87 (size before relaxing)
 .debug_str     0x00087b11      0x22a ./Src/I2C.o
                              0x87dd6 (size before relaxing)
 .debug_str     0x00087d3b     0x3a9d ./Src/main.o
                              0x8b734 (size before relaxing)
 .debug_str     0x0008b7d8      0x4d7 ./Src/sysmem.o
                               0x609e (size before relaxing)
 .debug_str     0x0008bcaf       0xee ./Src/system_stm32f4xx.o
                              0x87dbb (size before relaxing)
 .debug_str     0x0008bd9d       0x5b ./Src/uart.o
                              0x87d3c (size before relaxing)
 .debug_str     0x0008bdf8       0x3f ./Startup/startup_stm32f407vgtx.o
                                 0x7b (size before relaxing)

.comment        0x00000000       0x43
 .comment       0x00000000       0x43 ./Src/EEROM.o
                                 0x44 (size before relaxing)
 .comment       0x00000043       0x44 ./Src/I2C.o
 .comment       0x00000043       0x44 ./Src/main.o
 .comment       0x00000043       0x44 ./Src/sysmem.o
 .comment       0x00000043       0x44 ./Src/system_stm32f4xx.o
 .comment       0x00000043       0x44 ./Src/uart.o

.debug_frame    0x00000000      0xc68
 .debug_frame   0x00000000       0x80 ./Src/EEROM.o
 .debug_frame   0x00000080      0x178 ./Src/I2C.o
 .debug_frame   0x000001f8       0x34 ./Src/main.o
 .debug_frame   0x0000022c       0x34 ./Src/sysmem.o
 .debug_frame   0x00000260       0x84 ./Src/system_stm32f4xx.o
 .debug_frame   0x000002e4       0xd0 ./Src/uart.o
 .debug_frame   0x000003b4      0x144 /opt/st/stm32cubeide_1.15.0_2/plugins/com.st.stm32cube.ide.mcu.externaltools.gnu-tools-for-stm32.12.3.rel1.linux64_1.0.100.202403111256/tools/bin/../lib/gcc/arm-none-eabi/12.3.1/../../../../arm-none-eabi/lib/thumb/v7e-m/nofp/libc_nano.a(libc_a-findfp.o)
 .debug_frame   0x000004f8       0x6c /opt/st/stm32cubeide_1.15.0_2/plugins/com.st.stm32cube.ide.mcu.externaltools.gnu-tools-for-stm32.12.3.rel1.linux64_1.0.100.202403111256/tools/bin/../lib/gcc/arm-none-eabi/12.3.1/../../../../arm-none-eabi/lib/thumb/v7e-m/nofp/libc_nano.a(libc_a-sprintf.o)
 .debug_frame   0x00000564       0x80 /opt/st/stm32cubeide_1.15.0_2/plugins/com.st.stm32cube.ide.mcu.externaltools.gnu-tools-for-stm32.12.3.rel1.linux64_1.0.100.202403111256/tools/bin/../lib/gcc/arm-none-eabi/12.3.1/../../../../arm-none-eabi/lib/thumb/v7e-m/nofp/libc_nano.a(libc_a-sscanf.o)
 .debug_frame   0x000005e4       0x88 /opt/st/stm32cubeide_1.15.0_2/plugins/com.st.stm32cube.ide.mcu.externaltools.gnu-tools-for-stm32.12.3.rel1.linux64_1.0.100.202403111256/tools/bin/../lib/gcc/arm-none-eabi/12.3.1/../../../../arm-none-eabi/lib/thumb/v7e-m/nofp/libc_nano.a(libc_a-stdio.o)
 .debug_frame   0x0000066c       0x20 /opt/st/stm32cubeide_1.15.0_2/plugins/com.st.stm32cube.ide.mcu.externaltools.gnu-tools-for-stm32.12.3.rel1.linux64_1.0.100.202403111256/tools/bin/../lib/gcc/arm-none-eabi/12.3.1/../../../../arm-none-eabi/lib/thumb/v7e-m/nofp/libc_nano.a(libc_a-memset.o)
 .debug_frame   0x0000068c       0x38 /opt/st/stm32cubeide_1.15.0_2/plugins/com.st.stm32cube.ide.mcu.externaltools.gnu-tools-for-stm32.12.3.rel1.linux64_1.0.100.202403111256/tools/bin/../lib/gcc/arm-none-eabi/12.3.1/../../../../arm-none-eabi/lib/thumb/v7e-m/nofp/libc_nano.a(libc_a-reent.o)
 .debug_frame   0x000006c4       0x20 /opt/st/stm32cubeide_1.15.0_2/plugins/com.st.stm32cube.ide.mcu.externaltools.gnu-tools-for-stm32.12.3.rel1.linux64_1.0.100.202403111256/tools/bin/../lib/gcc/arm-none-eabi/12.3.1/../../../../arm-none-eabi/lib/thumb/v7e-m/nofp/libc_nano.a(libc_a-errno.o)
 .debug_frame   0x000006e4       0x2c /opt/st/stm32cubeide_1.15.0_2/plugins/com.st.stm32cube.ide.mcu.externaltools.gnu-tools-for-stm32.12.3.rel1.linux64_1.0.100.202403111256/tools/bin/../lib/gcc/arm-none-eabi/12.3.1/../../../../arm-none-eabi/lib/thumb/v7e-m/nofp/libc_nano.a(libc_a-init.o)
 .debug_frame   0x00000710       0xb0 /opt/st/stm32cubeide_1.15.0_2/plugins/com.st.stm32cube.ide.mcu.externaltools.gnu-tools-for-stm32.12.3.rel1.linux64_1.0.100.202403111256/tools/bin/../lib/gcc/arm-none-eabi/12.3.1/../../../../arm-none-eabi/lib/thumb/v7e-m/nofp/libc_nano.a(libc_a-lock.o)
 .debug_frame   0x000007c0       0x38 /opt/st/stm32cubeide_1.15.0_2/plugins/com.st.stm32cube.ide.mcu.externaltools.gnu-tools-for-stm32.12.3.rel1.linux64_1.0.100.202403111256/tools/bin/../lib/gcc/arm-none-eabi/12.3.1/../../../../arm-none-eabi/lib/thumb/v7e-m/nofp/libc_nano.a(libc_a-freer.o)
 .debug_frame   0x000007f8       0x50 /opt/st/stm32cubeide_1.15.0_2/plugins/com.st.stm32cube.ide.mcu.externaltools.gnu-tools-for-stm32.12.3.rel1.linux64_1.0.100.202403111256/tools/bin/../lib/gcc/arm-none-eabi/12.3.1/../../../../arm-none-eabi/lib/thumb/v7e-m/nofp/libc_nano.a(libc_a-mallocr.o)
 .debug_frame   0x00000848       0x30 /opt/st/stm32cubeide_1.15.0_2/plugins/com.st.stm32cube.ide.mcu.externaltools.gnu-tools-for-stm32.12.3.rel1.linux64_1.0.100.202403111256/tools/bin/../lib/gcc/arm-none-eabi/12.3.1/../../../../arm-none-eabi/lib/thumb/v7e-m/nofp/libc_nano.a(libc_a-mlock.o)
 .debug_frame   0x00000878       0x90 /opt/st/stm32cubeide_1.15.0_2/plugins/com.st.stm32cube.ide.mcu.externaltools.gnu-tools-for-stm32.12.3.rel1.linux64_1.0.100.202403111256/tools/bin/../lib/gcc/arm-none-eabi/12.3.1/../../../../arm-none-eabi/lib/thumb/v7e-m/nofp/libc_nano.a(libc_a-nano-svfprintf.o)
 .debug_frame   0x00000908       0x74 /opt/st/stm32cubeide_1.15.0_2/plugins/com.st.stm32cube.ide.mcu.externaltools.gnu-tools-for-stm32.12.3.rel1.linux64_1.0.100.202403111256/tools/bin/../lib/gcc/arm-none-eabi/12.3.1/../../../../arm-none-eabi/lib/thumb/v7e-m/nofp/libc_nano.a(libc_a-nano-svfscanf.o)
 .debug_frame   0x0000097c       0x60 /opt/st/stm32cubeide_1.15.0_2/plugins/com.st.stm32cube.ide.mcu.externaltools.gnu-tools-for-stm32.12.3.rel1.linux64_1.0.100.202403111256/tools/bin/../lib/gcc/arm-none-eabi/12.3.1/../../../../arm-none-eabi/lib/thumb/v7e-m/nofp/libc_nano.a(libc_a-nano-vfprintf_i.o)
 .debug_frame   0x000009dc       0x64 /opt/st/stm32cubeide_1.15.0_2/plugins/com.st.stm32cube.ide.mcu.externaltools.gnu-tools-for-stm32.12.3.rel1.linux64_1.0.100.202403111256/tools/bin/../lib/gcc/arm-none-eabi/12.3.1/../../../../arm-none-eabi/lib/thumb/v7e-m/nofp/libc_nano.a(libc_a-nano-vfscanf_i.o)
 .debug_frame   0x00000a40       0x2c /opt/st/stm32cubeide_1.15.0_2/plugins/com.st.stm32cube.ide.mcu.externaltools.gnu-tools-for-stm32.12.3.rel1.linux64_1.0.100.202403111256/tools/bin/../lib/gcc/arm-none-eabi/12.3.1/../../../../arm-none-eabi/lib/thumb/v7e-m/nofp/libc_nano.a(libc_a-sccl.o)
 .debug_frame   0x00000a6c       0x5c /opt/st/stm32cubeide_1.15.0_2/plugins/com.st.stm32cube.ide.mcu.externaltools.gnu-tools-for-stm32.12.3.rel1.linux64_1.0.100.202403111256/tools/bin/../lib/gcc/arm-none-eabi/12.3.1/../../../../arm-none-eabi/lib/thumb/v7e-m/nofp/libc_nano.a(libc_a-ungetc.o)
 .debug_frame   0x00000ac8       0x28 /opt/st/stm32cubeide_1.15.0_2/plugins/com.st.stm32cube.ide.mcu.externaltools.gnu-tools-for-stm32.12.3.rel1.linux64_1.0.100.202403111256/tools/bin/../lib/gcc/arm-none-eabi/12.3.1/../../../../arm-none-eabi/lib/thumb/v7e-m/nofp/libc_nano.a(libc_a-memmove.o)
 .debug_frame   0x00000af0       0x2c /opt/st/stm32cubeide_1.15.0_2/plugins/com.st.stm32cube.ide.mcu.externaltools.gnu-tools-for-stm32.12.3.rel1.linux64_1.0.100.202403111256/tools/bin/../lib/gcc/arm-none-eabi/12.3.1/../../../../arm-none-eabi/lib/thumb/v7e-m/nofp/libc_nano.a(libc_a-sbrkr.o)
 .debug_frame   0x00000b1c       0x28 /opt/st/stm32cubeide_1.15.0_2/plugins/com.st.stm32cube.ide.mcu.externaltools.gnu-tools-for-stm32.12.3.rel1.linux64_1.0.100.202403111256/tools/bin/../lib/gcc/arm-none-eabi/12.3.1/../../../../arm-none-eabi/lib/thumb/v7e-m/nofp/libc_nano.a(libc_a-memcpy-stub.o)
 .debug_frame   0x00000b44       0x3c /opt/st/stm32cubeide_1.15.0_2/plugins/com.st.stm32cube.ide.mcu.externaltools.gnu-tools-for-stm32.12.3.rel1.linux64_1.0.100.202403111256/tools/bin/../lib/gcc/arm-none-eabi/12.3.1/../../../../arm-none-eabi/lib/thumb/v7e-m/nofp/libc_nano.a(libc_a-reallocr.o)
 .debug_frame   0x00000b80       0x64 /opt/st/stm32cubeide_1.15.0_2/plugins/com.st.stm32cube.ide.mcu.externaltools.gnu-tools-for-stm32.12.3.rel1.linux64_1.0.100.202403111256/tools/bin/../lib/gcc/arm-none-eabi/12.3.1/../../../../arm-none-eabi/lib/thumb/v7e-m/nofp/libc_nano.a(libc_a-strtol.o)
 .debug_frame   0x00000be4       0x64 /opt/st/stm32cubeide_1.15.0_2/plugins/com.st.stm32cube.ide.mcu.externaltools.gnu-tools-for-stm32.12.3.rel1.linux64_1.0.100.202403111256/tools/bin/../lib/gcc/arm-none-eabi/12.3.1/../../../../arm-none-eabi/lib/thumb/v7e-m/nofp/libc_nano.a(libc_a-strtoul.o)
 .debug_frame   0x00000c48       0x20 /opt/st/stm32cubeide_1.15.0_2/plugins/com.st.stm32cube.ide.mcu.externaltools.gnu-tools-for-stm32.12.3.rel1.linux64_1.0.100.202403111256/tools/bin/../lib/gcc/arm-none-eabi/12.3.1/../../../../arm-none-eabi/lib/thumb/v7e-m/nofp/libc_nano.a(libc_a-msizer.o)

.debug_loclists
                0x00000000       0x1f
 .debug_loclists
                0x00000000       0x1f ./Src/system_stm32f4xx.o

.debug_line_str
                0x00000000       0x5f
 .debug_line_str
                0x00000000       0x5f ./Startup/startup_stm32f407vgtx.o
